[{"title": "cause my mind has lost direction", "line": 4, "timestamp_gmt": "1644904800"}, {"title": "timing is urgent", "line": 6, "timestamp_gmt": "1680356700"}, {"title": "never forget", "line": 3, "timestamp_gmt": "1730786400"}, {"title": "into the future", "line": 8, "timestamp_gmt": "1767247200"}]
