[{"title":"cause my mind has lost direction","timestamp":"1644894000","line":4},{"title":"timing is urgent","timestamp":"1680345900","line":6},{"title":"never forget","timestamp":"1680345900","line":3}]