{
  "dive-in_template": [
    "looks like new task has started.\nLet me generate a header template for you:",
    "- [ ] this is part of dive-in block"
  ]
}